# Secret Manager → container env var mapping, consumed by render-env.sh.
#
# Format:  <secret-basename> = <ENV_VAR>[,<ENV_VAR>...]
# The full secret name is "<SECRET_PREFIX>-<basename>" (e.g. vera-test-database-url).
# A basename may fan out to several env vars (comma-separated), e.g. the LiveKit
# URL is read by the control-plane as VERA_LIVEKIT_URL and by the worker as LIVEKIT_URL.
#
# Only secrets the containers actually read are listed. The decomposed
# db-password / postgres-password / redis-auth-string secrets are NOT here: the
# app consumes the full *-url values, which already embed credentials.

database-url        = VERA_DATABASE_URL
redis-url           = VERA_REDIS_URL
frontend-base-url   = VERA_FRONTEND_BASE_URL
local-kms-master-key = LOCAL_KMS_MASTER_KEY
livekit-url         = VERA_LIVEKIT_URL,LIVEKIT_URL
livekit-api-key     = LIVEKIT_API_KEY
livekit-api-secret  = LIVEKIT_API_SECRET
deepgram-api-key    = DEEPGRAM_API_KEY
cartesia-api-key    = CARTESIA_API_KEY
google-api-key      = GOOGLE_API_KEY

# Recordings bucket name for the control-plane (enables call-recording playback / signed URLs).
recording-bucket    = VERA_RECORDING_BUCKET

# Langfuse trace export — control-plane + agent-worker publish OTLP to the self-hosted
# Langfuse VM. host is the private http://<langfuse-vm-ip>:3000; the keypair authenticates.
langfuse-host       = VERA_LANGFUSE_HOST
langfuse-public-key = VERA_LANGFUSE_PUBLIC_KEY
langfuse-secret-key = VERA_LANGFUSE_SECRET_KEY

# Twilio Email API (invites + password resets) — the SAME Twilio account as SIP.
# Both secrets already exist under this prefix for LiveKit trunk provisioning
# (deploy/livekit/README.md); mapping them here is what lets the control-plane read
# them. Setting VERA_TWILIO_ACCOUNT_SID is also the switch that selects Twilio Email
# over the local SMTP sandbox (control_plane/email.py::build_email_sender).
twilio-account-sid  = VERA_TWILIO_ACCOUNT_SID
twilio-auth-token   = TWILIO_AUTH_TOKEN
# Must be a Twilio-verified sender — veratechsolutions.ai is domain-authenticated (em7583.*).
email-from          = VERA_EMAIL_FROM

# Twilio SIP trunk secrets are NOT mapped: the containers don't read the trunk
# address/number/credentials today (LiveKit holds the trunk itself).
#
# <PREFIX>-migration-database-url is NOT mapped: it is a postgres-SUPERUSER (BYPASSRLS)
# connection string used ONLY by remote-deploy.sh's `alembic upgrade head` one-off, because
# migrations seed NULL-tenant platform rows under FORCE RLS the app role cannot write. It must
# NEVER land in app.env / the running container, so it is fetched directly at deploy time.
# Create it once in Secret Manager alongside the mapped secrets above.
